[
  {
    "id": 123,
    "nomeFantasia": "Novo Restaurante",
    "proprietario": "ID do keycloak"
  },
  {
    "id": 234,
    "nomeFantasia": "Novo Restaurante 2",
    "proprietario": "ID do keycloak 2"
  }
]